[33mΓ¥»[39m Checking your system
[33mΓ¥»[39m Checking package manager version
[32mΓ£ö[39m Found npm@11.11.1
[32mΓ£ö[39m Checking your system
[?25h[33mΓ¥»[39m Loading configuration
[32mΓ£ö[39m Loading configuration
[33mΓ¥»[39m Resolving make targets
ΓÇ║ Making for the following targets: 
[32mΓ£ö[39m Resolving make targets
[33mΓ¥»[39m Running package command
[33mΓ¥»[39m Preparing to package application
[32mΓ£ö[39m Preparing to package application
[33mΓ¥»[39m Running packaging hooks
[33mΓ¥»[39m Running generateAssets hook
[32mΓ£ö[39m Running generateAssets hook
[33mΓ¥»[39m Running prePackage hook
[33mΓ¥»[39m [plugin-vite] Building production Vite bundles
[33mΓ¥»[39m Building main and preload targets...
[33mΓ¥»[39m Building renderer targets...
[33mΓ¥»[39m Building src/main.ts target
[33mΓ¥»[39m Building src/preload.ts target
[33mΓ¥»[39m Building C:\Users\setup\Music\Codiner-Software-main\workers\tsc\tsc_worker.ts target
[32mΓ£ö[39m Building src/preload.ts target
[32mΓ£ö[39m Building C:\Users\setup\Music\Codiner-Software-main\workers\tsc\tsc_worker.ts target
node.exe : [31mΓ£û[39m 
Building src/main.ts target 
[31m[FAILED: src/ipc/utils/ge
t_model_client.ts (5:9): 
"createGoogle" is not 
exported by "node_modules/@ai-
sdk/google/dist/index.mjs", 
imported by "src/ipc/utils/get
_model_client.ts".][39m
At C:\Program 
Files\nodejs\npx.ps1:29 char:3
+   & $NODE_EXE $NPX_CLI_JS 
$args
+   
~~~~~~~~~~~~~~~~~~~~~~~~~~~~~
    + CategoryInfo          : 
    NotSpecified: ([31mΓ£û  
  [39m B...ient.ts".][39m:   
 String) [], RemoteExcepti    
on
    + FullyQualifiedErrorId : 
    NativeCommandError
 
[31mΓ£û[39m Building main 
and preload targets... 
[31m[FAILED: src/ipc/utils/ge
t_model_client.ts (5:9): 
"createGoogle" is not 
exported by "node_modules/@ai-
sdk/google/dist/index.mjs", 
imported by "src/ipc/utils/get
_model_client.ts".][39m
[31mΓ£û[39m [plugin-vite] 
Building production Vite 
bundles [31m[FAILED: [31msrc
/ipc/utils/get_model_client.ts
 (5:9): "createGoogle" is not 
exported by "node_modules/@ai-
sdk/google/dist/index.mjs", 
imported by "src/ipc/utils/get
_model_client.ts".[31m
file: [36mC:/Users/setup/Musi
c/Codiner-Software-main/src/ip
c/utils/get_model_client.ts:5:
9[31m
[33m
3: } from "@ai-sdk/anthropic";
4: import { createAzure } 
from "@ai-sdk/azure";
5: import { createGoogle } 
from "@ai-sdk/google";
            ^
6: import { 
createGoogleVertex } from 
"@ai-sdk/google-vertex";
7: import { createOpenAI } 
from "@ai-sdk/openai";
[31m][39m
[31mΓ£û[39m Running 
prePackage hook [31m[FAILED: 
[31msrc/ipc/utils/get_model_c
lient.ts (5:9): 
"createGoogle" is not 
exported by "node_modules/@ai-
sdk/google/dist/index.mjs", 
imported by "src/ipc/utils/get
_model_client.ts".[31m
file: [36mC:/Users/setup/Musi
c/Codiner-Software-main/src/ip
c/utils/get_model_client.ts:5:
9[31m
[33m
3: } from "@ai-sdk/anthropic";
4: import { createAzure } 
from "@ai-sdk/azure";
5: import { createGoogle } 
from "@ai-sdk/google";
            ^
6: import { 
createGoogleVertex } from 
"@ai-sdk/google-vertex";
7: import { createOpenAI } 
from "@ai-sdk/openai";
[31m][39m
[31mΓ£û[39m Running 
packaging hooks [31m[FAILED: 
[31msrc/ipc/utils/get_model_c
lient.ts (5:9): 
"createGoogle" is not 
exported by "node_modules/@ai-
sdk/google/dist/index.mjs", 
imported by "src/ipc/utils/get
_model_client.ts".[31m
file: [36mC:/Users/setup/Musi
c/Codiner-Software-main/src/ip
c/utils/get_model_client.ts:5:
9[31m
[33m
3: } from "@ai-sdk/anthropic";
4: import { createAzure } 
from "@ai-sdk/azure";
5: import { createGoogle } 
from "@ai-sdk/google";
            ^
6: import { 
createGoogleVertex } from 
"@ai-sdk/google-vertex";
7: import { createOpenAI } 
from "@ai-sdk/openai";
[31m][39m
[31mΓ£û[39m Running package 
command [31m[FAILED: [31msrc
/ipc/utils/get_model_client.ts
 (5:9): "createGoogle" is not 
exported by "node_modules/@ai-
sdk/google/dist/index.mjs", 
imported by "src/ipc/utils/get
_model_client.ts".[31m
file: [36mC:/Users/setup/Musi
c/Codiner-Software-main/src/ip
c/utils/get_model_client.ts:5:
9[31m
[33m
3: } from "@ai-sdk/anthropic";
4: import { createAzure } 
from "@ai-sdk/azure";
5: import { createGoogle } 
from "@ai-sdk/google";
            ^
6: import { 
createGoogleVertex } from 
"@ai-sdk/google-vertex";
7: import { createOpenAI } 
from "@ai-sdk/openai";
[31m][39m

An unhandled rejection has 
occurred inside Forge:
RollupError: [31msrc/ipc/util
s/get_model_client.ts (5:9): 
"createGoogle" is not 
exported by "node_modules/@ai-
sdk/google/dist/index.mjs", 
imported by "src/ipc/utils/get
_model_client.ts".[39m
file: [36mC:/Users/setup/Musi
c/Codiner-Software-main/src/ip
c/utils/get_model_client.ts:5:
9[39m
[33m
3: } from "@ai-sdk/anthropic";
4: import { createAzure } 
from "@ai-sdk/azure";
5: import { createGoogle } 
from "@ai-sdk/google";
            ^
6: import { 
createGoogleVertex } from 
"@ai-sdk/google-vertex";
7: import { createOpenAI } 
from "@ai-sdk/openai";
[39m
[?25h
